{
    "test-dataset_kallisto_aligner": {
        "content": [
            {
                "stderr": [
                    
                ],
                "errorReport": "",
                "exitStatus": 0,
                "failed": false,
                "stdout": [
                    
                ],
                "errorMessage": "",
                "trace": {
                    "tasksFailed": 0,
                    "tasksCount": 14,
                    "tasksSucceeded": 14
                },
                "name": "workflow",
                "success": true
            },
            "cells_x_genes.barcodes.txt:md5,72d78bb1c1ee7cb174520b30f695aa48",
            "cells_x_genes.genes.txt:md5,acd9d00120f52031974b2add3e7521b6",
            "cells_x_genes.mtx:md5,894d60da192e3788de11fa8fc1fa711d",
            "cells_x_genes.barcodes.txt:md5,a8cf7ea4b2d075296a94bf066a64b7a4",
            "cells_x_genes.genes.txt:md5,acd9d00120f52031974b2add3e7521b6",
            "cells_x_genes.mtx:md5,abd83de117204d0a77df3c92d00cc025",
            "Sample_X_matrix.rds:md5,294781892964ed3c06f5c02124bb17b3",
            "Sample_Y_matrix.rds:md5,b950e59c61ad3fdeb7293a1e5bfcd313"
        ],
        "timestamp": "2024-02-27T12:19:47.921508953"
    }
}